[2026-05-21T11:13:39Z] [ClawGuardCN] Checking Apache status...
Apache is active. The website engine is awake and wearing pants.
HTTP check returned 200 OK. Visitors should see the page instead of digital soup.
Disk warning: / is 100% full with 5.6M free. The server closet is packed to the ceiling.
[2026-05-21T11:24:05Z] [ClawGuardCN] Checking Apache status...
Apache is active. The website engine is awake and wearing pants.
HTTP check returned 200 OK. Visitors should see the page instead of digital soup.
Disk warning: / is 100% full with 1.4M free. The server closet is packed to the ceiling.
[2026-05-22T10:53:41Z] [ClawGuardCN] Checking Apache status...
Apache is active. The website engine is awake and wearing pants.
HTTP check returned 200 OK. Visitors should see the page instead of digital soup.
Disk check: / is 46% full with 7.9G free.
[2026-05-22T11:53:35Z] [ClawGuardCN] Checking Apache status...
Apache is active. The website engine is awake and wearing pants.
HTTP check returned 200 OK. Visitors should see the page instead of digital soup.
Disk check: / is 46% full with 7.9G free.
[2026-05-22T12:23:37Z] [ClawGuardCN] Checking Apache status...
Apache is active. The website engine is awake and wearing pants.
HTTP check returned 200 OK. Visitors should see the page instead of digital soup.
Disk check: / is 46% full with 7.9G free.
[2026-05-22T12:53:33Z] [ClawGuardCN] Checking Apache status...
Apache is active. The website engine is awake and wearing pants.
HTTP check returned 200 OK. Visitors should see the page instead of digital soup.
Disk check: / is 46% full with 7.9G free.
[2026-05-22T13:23:32Z] [ClawGuardCN] Checking Apache status...
Apache is active. The website engine is awake and wearing pants.
HTTP check returned 200 OK. Visitors should see the page instead of digital soup.
Disk check: / is 46% full with 7.9G free.
[2026-05-22T13:53:33Z] [ClawGuardCN] Checking Apache status...
Apache is active. The website engine is awake and wearing pants.
HTTP check returned 200 OK. Visitors should see the page instead of digital soup.
Disk check: / is 47% full with 7.8G free.
[2026-05-22T14:23:36Z] [ClawGuardCN] Checking Apache status...
Apache is active. The website engine is awake and wearing pants.
HTTP check returned 200 OK. Visitors should see the page instead of digital soup.
Disk check: / is 47% full with 7.8G free.
[2026-05-22T21:23:34Z] [ClawGuardCN] Checking Apache status...
Apache is active. The website engine is awake and wearing pants.
HTTP check returned 200 OK. Visitors should see the page instead of digital soup.
Disk check: / is 47% full with 7.8G free.
